[H[J[1;1H[?25l[m[H[J[1;1H[2;30HGNU GRUB  version 2.06

[m[4;2H+----------------------------------------------------------------------------+[5;2H|[5;79H|[6;2H|[6;79H|[7;2H|[7;79H|[8;2H|[8;79H|[9;2H|[9;79H|[10;2H|[10;79H|[11;2H|[11;79H|[12;2H|[12;79H|[13;2H|[13;79H|[14;2H|[14;79H|[15;2H|[15;79H|[16;2H|[16;79H|[17;2H+----------------------------------------------------------------------------+[m[18;2H[19;2H[m     Use the ^ and v keys to select which entry is highlighted.          
      Press enter to boot the selected OS, `e' to edit the commands       
      before booting or `c' for a command-line.                           [5;80H [7m[5;3H*Flatcar default                                                            [m[5;78H[m[m[6;3H Flatcar USR-A                                                              [m[6;78H[m[m[7;3H Flatcar USR-B                                                              [m[7;78H[m[m[8;3H                                                                            [m[8;78H[m[m[9;3H                                                                            [m[9;78H[m[m[10;3H                                                                            [m[10;78H[m[m[11;3H                                                                            [m[11;78H[m[m[12;3H                                                                            [m[12;78H[m[m[13;3H                                                                            [m[13;78H[m[m[14;3H                                                                            [m[14;78H[m[m[15;3H                                                                            [m[15;78H[m[m[16;3H                                                                            [m[16;78H[m[16;80H [5;78H[22;1H   The highlighted entry will be executed automatically in 1s.                 [5;78H[22;1H   The highlighted entry will be executed automatically in 0s.                 [5;78H[?25h[H[J[1;1H[H[J[1;1H  Booting `Flatcar default'

[    0.000000] Linux version 6.1.96-flatcar (build@pony-truck.infra.kinvolk.io) (x86_64-cros-linux-gnu-gcc (Gentoo Hardened 13.2.1_p20230826 p7) 13.2.1 20230826, GNU ld (Gentoo 2.40 p5) 2.40.0) #1 SMP PREEMPT_DYNAMIC Mon Jul  1 23:29:55 -00 2024
[    0.000000] Command line: BOOT_IMAGE=/flatcar/vmlinuz-a mount.usr=/dev/mapper/usr verity.usr=PARTUUID=7130c94a-213a-4e5a-8e26-6cce9662f132 rootflags=rw mount.usrflags=ro consoleblank=0 root=LABEL=ROOT console=ttyS0,115200n8 console=tty0 flatcar.first_boot=detected flatcar.oem.id=openstack verity.usrhash=5c215d2523556d4992ba36684815e8e6fad1d468795f4ed0868a855d0b76a607
[    0.000000] BIOS-provided physical RAM map:
[    0.000000] BIOS-e820: [mem 0x0000000000000000-0x000000000009fbff] usable
[    0.000000] BIOS-e820: [mem 0x000000000009fc00-0x000000000009ffff] reserved
[    0.000000] BIOS-e820: [mem 0x00000000000f0000-0x00000000000fffff] reserved
[    0.000000] BIOS-e820: [mem 0x0000000000100000-0x000000007ffdafff] usable
[    0.000000] BIOS-e820: [mem 0x000000007ffdb000-0x000000007fffffff] reserved
[    0.000000] BIOS-e820: [mem 0x00000000b0000000-0x00000000bfffffff] reserved
[    0.000000] BIOS-e820: [mem 0x00000000fed1c000-0x00000000fed1ffff] reserved
[    0.000000] BIOS-e820: [mem 0x00000000feffc000-0x00000000feffffff] reserved
[    0.000000] BIOS-e820: [mem 0x00000000fffc0000-0x00000000ffffffff] reserved
[    0.000000] BIOS-e820: [mem 0x0000000100000000-0x000000017fffffff] usable
[    0.000000] NX (Execute Disable) protection: active
[    0.000000] SMBIOS 2.8 present.
[    0.000000] DMI: RDO OpenStack Compute/RHEL, BIOS 1.16.3-2.el9 04/01/2014
[    0.000000] Hypervisor detected: KVM
[    0.000000] kvm-clock: Using msrs 4b564d01 and 4b564d00
[    0.000003] kvm-clock: using sched offset of 6813213486 cycles
[    0.000008] clocksource: kvm-clock: mask: 0xffffffffffffffff max_cycles: 0x1cd42e4dffb, max_idle_ns: 881590591483 ns
[    0.000013] tsc: Detected 1997.688 MHz processor
[    0.002412] last_pfn = 0x180000 max_arch_pfn = 0x400000000
[    0.002484] x86/PAT: Configuration [0-7]: WB  WC  UC- UC  WB  WP  UC- WT  
[    0.002500] last_pfn = 0x7ffdb max_arch_pfn = 0x400000000
[    0.002537] Using GB pages for direct mapping
[    0.002940] ACPI: Early table checksum verification disabled
[    0.002947] ACPI: RSDP 0x00000000000F5390 000014 (v00 BOCHS )
[    0.002958] ACPI: RSDT 0x000000007FFE3862 000034 (v01 BOCHS  BXPC     00000001 BXPC 00000001)
[    0.002987] ACPI: FACP 0x000000007FFE368A 0000F4 (v03 BOCHS  BXPC     00000001 BXPC 00000001)
[    0.003008] ACPI: DSDT 0x000000007FFDFD80 00390A (v01 BOCHS  BXPC     00000001 BXPC 00000001)
[    0.003017] ACPI: FACS 0x000000007FFDFD40 000040
[    0.003026] ACPI: APIC 0x000000007FFE377E 000080 (v03 BOCHS  BXPC     00000001 BXPC 00000001)
[    0.003034] ACPI: MCFG 0x000000007FFE37FE 00003C (v01 BOCHS  BXPC     00000001 BXPC 00000001)
[    0.003043] ACPI: WAET 0x000000007FFE383A 000028 (v01 BOCHS  BXPC     00000001 BXPC 00000001)
[    0.003050] ACPI: Reserving FACP table memory at [mem 0x7ffe368a-0x7ffe377d]
[    0.003054] ACPI: Reserving DSDT table memory at [mem 0x7ffdfd80-0x7ffe3689]
[    0.003056] ACPI: Reserving FACS table memory at [mem 0x7ffdfd40-0x7ffdfd7f]
[    0.003058] ACPI: Reserving APIC table memory at [mem 0x7ffe377e-0x7ffe37fd]
[    0.003060] ACPI: Reserving MCFG table memory at [mem 0x7ffe37fe-0x7ffe3839]
[    0.003061] ACPI: Reserving WAET table memory at [mem 0x7ffe383a-0x7ffe3861]
[    0.003831] No NUMA configuration found
[    0.003834] Faking a node at [mem 0x0000000000000000-0x000000017fffffff]
[    0.003841] NODE_DATA(0) allocated [mem 0x17fffa000-0x17fffffff]
[    0.004774] Zone ranges:
[    0.004776]   DMA      [mem 0x0000000000001000-0x0000000000ffffff]
[    0.004781]   DMA32    [mem 0x0000000001000000-0x00000000ffffffff]
[    0.004785]   Normal   [mem 0x0000000100000000-0x000000017fffffff]
[    0.004788] Movable zone start for each node
[    0.004790] Early memory node ranges
[    0.004791]   node   0: [mem 0x0000000000001000-0x000000000009efff]
[    0.004795]   node   0: [mem 0x0000000000100000-0x000000007ffdafff]
[    0.004798]   node   0: [mem 0x0000000100000000-0x000000017fffffff]
[    0.004801] Initmem setup node 0 [mem 0x0000000000001000-0x000000017fffffff]
[    0.005659] On node 0, zone DMA: 1 pages in unavailable ranges
[    0.005701] On node 0, zone DMA: 97 pages in unavailable ranges
[    0.042769] On node 0, zone Normal: 37 pages in unavailable ranges
[    0.047589] ACPI: PM-Timer IO Port: 0x608
[    0.047617] ACPI: LAPIC_NMI (acpi_id[0xff] dfl dfl lint[0x1])
[    0.047707] IOAPIC[0]: apic_id 0, version 17, address 0xfec00000, GSI 0-23
[    0.047716] ACPI: INT_SRC_OVR (bus 0 bus_irq 0 global_irq 2 dfl dfl)
[    0.047721] ACPI: INT_SRC_OVR (bus 0 bus_irq 5 global_irq 5 high level)
[    0.047724] ACPI: INT_SRC_OVR (bus 0 bus_irq 9 global_irq 9 high level)
[    0.047727] ACPI: INT_SRC_OVR (bus 0 bus_irq 10 global_irq 10 high level)
[    0.047729] ACPI: INT_SRC_OVR (bus 0 bus_irq 11 global_irq 11 high level)
[    0.047740] ACPI: Using ACPI (MADT) for SMP configuration information
[    0.047743] TSC deadline timer available
[    0.047747] smpboot: Allowing 2 CPUs, 0 hotplug CPUs
[    0.047819] [mem 0xc0000000-0xfed1bfff] available for PCI devices
[    0.047824] Booting paravirtualized kernel on KVM
[    0.047830] clocksource: refined-jiffies: mask: 0xffffffff max_cycles: 0xffffffff, max_idle_ns: 1910969940391419 ns
[    0.057403] setup_percpu: NR_CPUS:512 nr_cpumask_bits:2 nr_cpu_ids:2 nr_node_ids:1
[    0.058567] percpu: Embedded 57 pages/cpu s194792 r8192 d30488 u1048576
[    0.058651] kvm-guest: PV spinlocks enabled
[    0.058655] PV qspinlock hash table entries: 256 (order: 0, 4096 bytes, linear)
[    0.058666] Fallback order for Node 0: 0 
[    0.058671] Built 1 zonelists, mobility grouping on.  Total pages: 1031899
[    0.058674] Policy zone: Normal
[    0.058676] Kernel command line: rootflags=rw mount.usrflags=ro BOOT_IMAGE=/flatcar/vmlinuz-a mount.usr=/dev/mapper/usr verity.usr=PARTUUID=7130c94a-213a-4e5a-8e26-6cce9662f132 rootflags=rw mount.usrflags=ro consoleblank=0 root=LABEL=ROOT console=ttyS0,115200n8 console=tty0 flatcar.first_boot=detected flatcar.oem.id=openstack verity.usrhash=5c215d2523556d4992ba36684815e8e6fad1d468795f4ed0868a855d0b76a607
[    0.059020] Unknown kernel command line parameters "BOOT_IMAGE=/flatcar/vmlinuz-a", will be passed to user space.
[    0.059043] random: crng init done
[    0.061162] Dentry cache hash table entries: 524288 (order: 10, 4194304 bytes, linear)
[    0.062243] Inode-cache hash table entries: 262144 (order: 9, 2097152 bytes, linear)
[    0.062357] mem auto-init: stack:off, heap alloc:off, heap free:off
[    0.062367] software IO TLB: area num 2.
[    0.130231] Memory: 3962124K/4193764K available (12293K kernel code, 2301K rwdata, 19992K rodata, 47156K init, 4308K bss, 231380K reserved, 0K cma-reserved)
[    0.130490] SLUB: HWalign=64, Order=0-3, MinObjects=0, CPUs=2, Nodes=1
[    0.130507] Kernel/User page tables isolation: enabled
[    0.130568] ftrace: allocating 36081 entries in 141 pages
[    0.145109] ftrace: allocated 141 pages with 4 groups
[    0.146414] Dynamic Preempt: voluntary
[    0.147322] rcu: Preemptible hierarchical RCU implementation.
[    0.147324] rcu: 	RCU event tracing is enabled.
[    0.147326] rcu: 	RCU restricting CPUs from NR_CPUS=512 to nr_cpu_ids=2.
[    0.147329] 	Trampoline variant of Tasks RCU enabled.
[    0.147331] 	Rude variant of Tasks RCU enabled.
[    0.147332] 	Tracing variant of Tasks RCU enabled.
[    0.147334] rcu: RCU calculated value of scheduler-enlistment delay is 100 jiffies.
[    0.147336] rcu: Adjusting geometry for rcu_fanout_leaf=16, nr_cpu_ids=2
[    0.157124] NR_IRQS: 33024, nr_irqs: 440, preallocated irqs: 16
[    0.157426] rcu: srcu_init: Setting srcu_struct sizes based on contention.
[    0.178724] Console: colour VGA+ 80x25
[    0.265025] printk: console [tty0] enabled
[    0.538626] printk: console [ttyS0] enabled
[    0.541428] ACPI: Core revision 20220331
[    0.543728] APIC: Switch to symmetric I/O mode setup
[    0.546983] x2apic enabled
[    0.549305] Switched APIC routing to physical x2apic.
[    0.554407] clocksource: tsc-early: mask: 0xffffffffffffffff max_cycles: 0x39974ca453d, max_idle_ns: 881590565764 ns
[    0.559736] Calibrating delay loop (skipped) preset value.. 3995.37 BogoMIPS (lpj=1997688)
[    0.560729] x86/cpu: User Mode Instruction Prevention (UMIP) activated
[    0.560729] Last level iTLB entries: 4KB 0, 2MB 0, 4MB 0
[    0.560729] Last level dTLB entries: 4KB 0, 2MB 0, 4MB 0, 1GB 0
[    0.560729] Spectre V1 : Mitigation: usercopy/swapgs barriers and __user pointer sanitization
[    0.560729] Spectre V2 : Mitigation: Retpolines
[    0.560729] Spectre V2 : Spectre v2 / SpectreRSB mitigation: Filling RSB on context switch
[    0.560729] Spectre V2 : Spectre v2 / SpectreRSB : Filling RSB on VMEXIT
[    0.560729] Spectre V2 : Enabling Restricted Speculation for firmware calls
[    0.560729] Spectre V2 : mitigation: Enabling conditional Indirect Branch Prediction Barrier
[    0.560729] Speculative Store Bypass: Mitigation: Speculative Store Bypass disabled via prctl
[    0.560729] MDS: Mitigation: Clear CPU buffers
[    0.560729] TAA: Mitigation: Clear CPU buffers
[    0.560729] MMIO Stale Data: Unknown: No mitigations
[    0.560729] SRBDS: Unknown: Dependent on hypervisor status
[    0.560729] x86/fpu: Supporting XSAVE feature 0x001: 'x87 floating point registers'
[    0.560729] x86/fpu: Supporting XSAVE feature 0x002: 'SSE registers'
[    0.560729] x86/fpu: Supporting XSAVE feature 0x004: 'AVX registers'
[    0.560729] x86/fpu: xstate_offset[2]:  576, xstate_sizes[2]:  256
[    0.560729] x86/fpu: Enabled xstate features 0x7, context size is 832 bytes, using 'standard' format.
[    0.560729] Freeing SMP alternatives memory: 32K
[    0.560729] pid_max: default: 32768 minimum: 301
[    0.560729] LSM: Security Framework initializing
[    0.560729] SELinux:  Initializing.
[    0.560729] Mount-cache hash table entries: 8192 (order: 4, 65536 bytes, linear)
[    0.560729] Mountpoint-cache hash table entries: 8192 (order: 4, 65536 bytes, linear)
[    0.560729] smpboot: CPU0: Intel Core Processor (Broadwell, IBRS) (family: 0x6, model: 0x3d, stepping: 0x2)
[    0.562072] cblist_init_generic: Setting adjustable number of callback queues.
[    0.563740] cblist_init_generic: Setting shift to 1 and lim to 1.
[    0.564785] cblist_init_generic: Setting adjustable number of callback queues.
[    0.566736] cblist_init_generic: Setting shift to 1 and lim to 1.
[    0.567784] cblist_init_generic: Setting adjustable number of callback queues.
[    0.569736] cblist_init_generic: Setting shift to 1 and lim to 1.
[    0.570786] Performance Events: unsupported p6 CPU model 61 no PMU driver, software events only.
[    0.572810] signal: max sigframe size: 1776
[    0.573791] rcu: Hierarchical SRCU implementation.
[    0.574737] rcu: 	Max phase no-delay instances is 400.
[    0.576196] NMI watchdog: Perf NMI watchdog permanently disabled
[    0.577868] smp: Bringing up secondary CPUs ...
[    0.578993] x86: Booting SMP configuration:
[    0.579743] .... node  #0, CPUs:      #1
[    0.403289] smpboot: CPU 1 Converting physical 0 to logical die 1
[    0.584824] smp: Brought up 1 node, 2 CPUs
[    0.586737] smpboot: Max logical packages: 2
[    0.587737] smpboot: Total of 2 processors activated (7990.75 BogoMIPS)
[    0.589742] devtmpfs: initialized
[    0.590832] x86/mm: Memory block size: 128MB
[    0.592942] clocksource: jiffies: mask: 0xffffffff max_cycles: 0xffffffff, max_idle_ns: 1911260446275000 ns
[    0.594745] futex hash table entries: 512 (order: 3, 32768 bytes, linear)
[    0.595818] pinctrl core: initialized pinctrl subsystem
[    0.599329] NET: Registered PF_NETLINK/PF_ROUTE protocol family
[    0.601000] audit: initializing netlink subsys (disabled)
[    0.602800] audit: type=2000 audit(1720548394.360:1): state=initialized audit_enabled=0 res=1
[    0.602907] thermal_sys: Registered thermal governor 'step_wise'
[    0.604737] thermal_sys: Registered thermal governor 'user_space'
[    0.605763] cpuidle: using governor menu
[    0.608004] acpiphp: ACPI Hot Plug PCI Controller Driver version: 0.5
[    0.609873] dca service started, version 1.12.1
[    0.610897] PCI: MMCONFIG for domain 0000 [bus 00-ff] at [mem 0xb0000000-0xbfffffff] (base 0xb0000000)
[    0.612742] PCI: MMCONFIG at [mem 0xb0000000-0xbfffffff] reserved in E820
[    0.613764] PCI: Using configuration type 1 for base access
[    0.616923] kprobes: kprobe jump-optimization is enabled. All kprobes are optimized if possible.
[    0.669223] HugeTLB: registered 1.00 GiB page size, pre-allocated 0 pages
[    0.670737] HugeTLB: 16380 KiB vmemmap can be freed for a 1.00 GiB page
[    0.671738] HugeTLB: registered 2.00 MiB page size, pre-allocated 0 pages
[    0.672736] HugeTLB: 28 KiB vmemmap can be freed for a 2.00 MiB page
[    0.673911] ACPI: Added _OSI(Module Device)
[    0.675738] ACPI: Added _OSI(Processor Device)
[    0.676737] ACPI: Added _OSI(3.0 _SCP Extensions)
[    0.677737] ACPI: Added _OSI(Processor Aggregator Device)
[    0.681920] ACPI: 1 ACPI AML tables successfully acquired and loaded
[    0.685161] ACPI: Interpreter enabled
[    0.686761] ACPI: PM: (supports S0 S5)
[    0.687737] ACPI: Using IOAPIC for interrupt routing
[    0.688787] PCI: Using host bridge windows from ACPI; if necessary, use "pci=nocrs" and report a bug
[    0.690740] PCI: Using E820 reservations for host bridge windows
[    0.692037] ACPI: Enabled 2 GPEs in block 00 to 3F
[    0.699689] ACPI: PCI Root Bridge [PCI0] (domain 0000 [bus 00-ff])
[    0.700747] acpi PNP0A08:00: _OSC: OS supports [ExtendedConfig ASPM ClockPM Segments MSI HPX-Type3]
[    0.702845] acpi PNP0A08:00: _OSC: platform does not support [PCIeHotplug LTR]
[    0.704880] acpi PNP0A08:00: _OSC: OS now controls [PME AER PCIeCapability]
[    0.706775] PCI host bridge to bus 0000:00
[    0.707740] pci_bus 0000:00: root bus resource [io  0x0000-0x0cf7 window]
[    0.708738] pci_bus 0000:00: root bus resource [io  0x0d00-0xffff window]
[    0.710738] pci_bus 0000:00: root bus resource [mem 0x000a0000-0x000bffff window]
[    0.712738] pci_bus 0000:00: root bus resource [mem 0x80000000-0xafffffff window]
[    0.714738] pci_bus 0000:00: root bus resource [mem 0xc0000000-0xfebfffff window]
[    0.716738] pci_bus 0000:00: root bus resource [mem 0x380000000000-0x388000003fff window]
[    0.718743] pci_bus 0000:00: root bus resource [bus 00-ff]
[    0.719872] pci 0000:00:00.0: [8086:29c0] type 00 class 0x060000
[    0.722136] pci 0000:00:01.0: [1af4:1050] type 00 class 0x030000
[    0.725792] pci 0000:00:01.0: reg 0x10: [mem 0xfc000000-0xfc7fffff pref]
[    0.731774] pci 0000:00:01.0: reg 0x18: [mem 0x388000000000-0x388000003fff 64bit pref]
[    0.735791] pci 0000:00:01.0: reg 0x20: [mem 0xfea10000-0xfea10fff]
[    0.742775] pci 0000:00:01.0: reg 0x30: [mem 0xfea00000-0xfea0ffff pref]
[    0.743982] pci 0000:00:01.0: Video device with shadowed ROM at [mem 0x000c0000-0x000dffff]
[    0.747514] pci 0000:00:02.0: [1b36:000c] type 01 class 0x060400
[    0.751740] pci 0000:00:02.0: reg 0x10: [mem 0xfea11000-0xfea11fff]
[    0.762806] pci 0000:00:02.1: [1b36:000c] type 01 class 0x060400
[    0.766739] pci 0000:00:02.1: reg 0x10: [mem 0xfea12000-0xfea12fff]
[    0.776642] pci 0000:00:02.2: [1b36:000c] type 01 class 0x060400
[    0.780739] pci 0000:00:02.2: reg 0x10: [mem 0xfea13000-0xfea13fff]
[    0.790609] pci 0000:00:02.3: [1b36:000c] type 01 class 0x060400
[    0.794781] pci 0000:00:02.3: reg 0x10: [mem 0xfea14000-0xfea14fff]
[    0.803689] pci 0000:00:02.4: [1b36:000c] type 01 class 0x060400
[    0.808756] pci 0000:00:02.4: reg 0x10: [mem 0xfea15000-0xfea15fff]
[    0.817642] pci 0000:00:02.5: [1b36:000c] type 01 class 0x060400
[    0.822740] pci 0000:00:02.5: reg 0x10: [mem 0xfea16000-0xfea16fff]
[    0.831660] pci 0000:00:02.6: [1b36:000c] type 01 class 0x060400
[    0.835739] pci 0000:00:02.6: reg 0x10: [mem 0xfea17000-0xfea17fff]
[    0.845675] pci 0000:00:02.7: [1b36:000c] type 01 class 0x060400
[    0.849739] pci 0000:00:02.7: reg 0x10: [mem 0xfea18000-0xfea18fff]
[    0.859598] pci 0000:00:03.0: [1b36:000c] type 01 class 0x060400
[    0.863739] pci 0000:00:03.0: reg 0x10: [mem 0xfea19000-0xfea19fff]
[    0.872679] pci 0000:00:03.1: [1b36:000c] type 01 class 0x060400
[    0.876739] pci 0000:00:03.1: reg 0x10: [mem 0xfea1a000-0xfea1afff]
[    0.886658] pci 0000:00:03.2: [1b36:000c] type 01 class 0x060400
[    0.890739] pci 0000:00:03.2: reg 0x10: [mem 0xfea1b000-0xfea1bfff]
[    0.900651] pci 0000:00:03.3: [1b36:000c] type 01 class 0x060400
[    0.904739] pci 0000:00:03.3: reg 0x10: [mem 0xfea1c000-0xfea1cfff]
[    0.913673] pci 0000:00:03.4: [1b36:000c] type 01 class 0x060400
[    0.917739] pci 0000:00:03.4: reg 0x10: [mem 0xfea1d000-0xfea1dfff]
[    0.927632] pci 0000:00:03.5: [1b36:000c] type 01 class 0x060400
[    0.931739] pci 0000:00:03.5: reg 0x10: [mem 0xfea1e000-0xfea1efff]
[    0.940654] pci 0000:00:03.6: [1b36:000c] type 01 class 0x060400
[    0.944738] pci 0000:00:03.6: reg 0x10: [mem 0xfea1f000-0xfea1ffff]
[    0.954590] pci 0000:00:03.7: [1b36:000c] type 01 class 0x060400
[    0.958739] pci 0000:00:03.7: reg 0x10: [mem 0xfea20000-0xfea20fff]
[    0.968064] pci 0000:00:1f.0: [8086:2918] type 00 class 0x060100
[    0.970958] pci 0000:00:1f.0: quirk: [io  0x0600-0x067f] claimed by ICH6 ACPI/GPIO/TCO
[    0.973372] pci 0000:00:1f.2: [8086:2922] type 00 class 0x010601
[    0.985739] pci 0000:00:1f.2: reg 0x20: [io  0xd040-0xd05f]
[    0.988739] pci 0000:00:1f.2: reg 0x24: [mem 0xfea21000-0xfea21fff]
[    0.993631] pci 0000:00:1f.3: [8086:2930] type 00 class 0x0c0500
[    1.000739] pci 0000:00:1f.3: reg 0x20: [io  0x0700-0x073f]
[    1.005515] pci 0000:01:00.0: [1b36:000e] type 01 class 0x060400
[    1.009740] pci 0000:01:00.0: reg 0x10: [mem 0xfca00000-0xfca000ff 64bit]
[    1.016210] pci 0000:00:02.0: PCI bridge to [bus 01-02]
[    1.017784] pci 0000:00:02.0:   bridge window [io  0xc000-0xcfff]
[    1.018777] pci 0000:00:02.0:   bridge window [mem 0xfc800000-0xfcbfffff]
[    1.019813] pci 0000:00:02.0:   bridge window [mem 0x387800000000-0x387fffffffff 64bit pref]
[    1.023146] pci_bus 0000:02: extended config space not accessible
[    1.025755] acpiphp: Slot [1] registered
[    1.026790] acpiphp: Slot [0] registered
[    1.027804] acpiphp: Slot [2] registered
[    1.028823] acpiphp: Slot [3] registered
[    1.029784] acpiphp: Slot [4] registered
[    1.030793] acpiphp: Slot [5] registered
[    1.031789] acpiphp: Slot [6] registered
[    1.032818] acpiphp: Slot [7] registered
[    1.033792] acpiphp: Slot [8] registered
[    1.034787] acpiphp: Slot [9] registered
[    1.035788] acpiphp: Slot [10] registered
[    1.036820] acpiphp: Slot [11] registered
[    1.037784] acpiphp: Slot [12] registered
[    1.038787] acpiphp: Slot [13] registered
[    1.039792] acpiphp: Slot [14] registered
[    1.041803] acpiphp: Slot [15] registered
[    1.042789] acpiphp: Slot [16] registered
[    1.043827] acpiphp: Slot [17] registered
[    1.044785] acpiphp: Slot [18] registered
[    1.045790] acpiphp: Slot [19] registered
[    1.046787] acpiphp: Slot [20] registered
[    1.047785] acpiphp: Slot [21] registered
[    1.048787] acpiphp: Slot [22] registered
[    1.049789] acpiphp: Slot [23] registered
[    1.050822] acpiphp: Slot [24] registered
[    1.051785] acpiphp: Slot [25] registered
[    1.052787] acpiphp: Slot [26] registered
[    1.053787] acpiphp: Slot [27] registered
[    1.054785] acpiphp: Slot [28] registered
[    1.055784] acpiphp: Slot [29] registered
[    1.056784] acpiphp: Slot [30] registered
[    1.057785] acpiphp: Slot [31] registered
[    1.058892] pci 0000:02:01.0: [8086:7020] type 00 class 0x0c0300
[    1.066476] pci 0000:02:01.0: reg 0x20: [io  0xc000-0xc01f]
[    1.072652] pci 0000:01:00.0: PCI bridge to [bus 02]
[    1.073782] pci 0000:01:00.0:   bridge window [io  0xc000-0xcfff]
[    1.074781] pci 0000:01:00.0:   bridge window [mem 0xfc800000-0xfc9fffff]
[    1.075820] pci 0000:01:00.0:   bridge window [mem 0x387800000000-0x387fffffffff 64bit pref]
[    1.080976] acpiphp: Slot [0-2] registered
[    1.082879] pci 0000:03:00.0: [1af4:1041] type 00 class 0x020000
[    1.087739] pci 0000:03:00.0: reg 0x14: [mem 0xfe840000-0xfe840fff]
[    1.094739] pci 0000:03:00.0: reg 0x20: [mem 0x387000000000-0x387000003fff 64bit pref]
[    1.098740] pci 0000:03:00.0: reg 0x30: [mem 0xfe800000-0xfe83ffff pref]
[    1.103429] pci 0000:00:02.1: PCI bridge to [bus 03]
[    1.104813] pci 0000:00:02.1:   bridge window [mem 0xfe800000-0xfe9fffff]
[    1.105813] pci 0000:00:02.1:   bridge window [mem 0x387000000000-0x3877ffffffff 64bit pref]
[    1.109227] acpiphp: Slot [0-3] registered
[    1.111188] pci 0000:04:00.0: [1af4:1041] type 00 class 0x020000
[    1.116739] pci 0000:04:00.0: reg 0x14: [mem 0xfe640000-0xfe640fff]
[    1.123739] pci 0000:04:00.0: reg 0x20: [mem 0x386800000000-0x386800003fff 64bit pref]
[    1.127740] pci 0000:04:00.0: reg 0x30: [mem 0xfe600000-0xfe63ffff pref]
[    1.132440] pci 0000:00:02.2: PCI bridge to [bus 04]
[    1.133828] pci 0000:00:02.2:   bridge window [mem 0xfe600000-0xfe7fffff]
[    1.134821] pci 0000:00:02.2:   bridge window [mem 0x386800000000-0x386fffffffff 64bit pref]
[    1.138233] acpiphp: Slot [0-4] registered
[    1.140172] pci 0000:05:00.0: [1af4:1043] type 00 class 0x078000
[    1.145740] pci 0000:05:00.0: reg 0x14: [mem 0xfe400000-0xfe400fff]
[    1.152739] pci 0000:05:00.0: reg 0x20: [mem 0x386000000000-0x386000003fff 64bit pref]
[    1.161426] pci 0000:00:02.3: PCI bridge to [bus 05]
[    1.162813] pci 0000:00:02.3:   bridge window [mem 0xfe400000-0xfe5fffff]
[    1.163813] pci 0000:00:02.3:   bridge window [mem 0x386000000000-0x3867ffffffff 64bit pref]
[    1.167220] acpiphp: Slot [0-5] registered
[    1.169122] pci 0000:06:00.0: [1af4:1042] type 00 class 0x010000
[    1.174739] pci 0000:06:00.0: reg 0x14: [mem 0xfe200000-0xfe200fff]
[    1.181740] pci 0000:06:00.0: reg 0x20: [mem 0x385800000000-0x385800003fff 64bit pref]
[    1.189898] pci 0000:00:02.4: PCI bridge to [bus 06]
[    1.190815] pci 0000:00:02.4:   bridge window [mem 0xfe200000-0xfe3fffff]
[    1.191813] pci 0000:00:02.4:   bridge window [mem 0x385800000000-0x385fffffffff 64bit pref]
[    1.195211] acpiphp: Slot [0-6] registered
[    1.197101] pci 0000:07:00.0: [1af4:1045] type 00 class 0x00ff00
[    1.204548] pci 0000:07:00.0: reg 0x20: [mem 0x385000000000-0x385000003fff 64bit pref]
[    1.210360] pci 0000:00:02.5: PCI bridge to [bus 07]
[    1.211813] pci 0000:00:02.5:   bridge window [mem 0xfe000000-0xfe1fffff]
[    1.212813] pci 0000:00:02.5:   bridge window [mem 0x385000000000-0x3857ffffffff 64bit pref]
[    1.216219] acpiphp: Slot [0-7] registered
[    1.218117] pci 0000:08:00.0: [1af4:1044] type 00 class 0x00ff00
[    1.223740] pci 0000:08:00.0: reg 0x14: [mem 0xfde00000-0xfde00fff]
[    1.232740] pci 0000:08:00.0: reg 0x20: [mem 0x384800000000-0x384800003fff 64bit pref]
[    1.240371] pci 0000:00:02.6: PCI bridge to [bus 08]
[    1.241813] pci 0000:00:02.6:   bridge window [mem 0xfde00000-0xfdffffff]
[    1.242813] pci 0000:00:02.6:   bridge window [mem 0x384800000000-0x384fffffffff 64bit pref]
[    1.246249] acpiphp: Slot [0-8] registered
[    1.247784] pci 0000:00:02.7: PCI bridge to [bus 09]
[    1.248813] pci 0000:00:02.7:   bridge window [mem 0xfdc00000-0xfddfffff]
[    1.250816] pci 0000:00:02.7:   bridge window [mem 0x384000000000-0x3847ffffffff 64bit pref]
[    1.256252] acpiphp: Slot [0-9] registered
[    1.257807] pci 0000:00:03.0: PCI bridge to [bus 0a]
[    1.259838] pci 0000:00:03.0:   bridge window [mem 0xfda00000-0xfdbfffff]
[    1.261831] pci 0000:00:03.0:   bridge window [mem 0x383800000000-0x383fffffffff 64bit pref]
[    1.266229] acpiphp: Slot [0-10] registered
[    1.267803] pci 0000:00:03.1: PCI bridge to [bus 0b]
[    1.268814] pci 0000:00:03.1:   bridge window [mem 0xfd800000-0xfd9fffff]
[    1.270813] pci 0000:00:03.1:   bridge window [mem 0x383000000000-0x3837ffffffff 64bit pref]
[    1.274263] acpiphp: Slot [0-11] registered
[    1.275783] pci 0000:00:03.2: PCI bridge to [bus 0c]
[    1.276813] pci 0000:00:03.2:   bridge window [mem 0xfd600000-0xfd7fffff]
[    1.277830] pci 0000:00:03.2:   bridge window [mem 0x382800000000-0x382fffffffff 64bit pref]
[    1.281190] acpiphp: Slot [0-12] registered
[    1.282783] pci 0000:00:03.3: PCI bridge to [bus 0d]
[    1.283813] pci 0000:00:03.3:   bridge window [mem 0xfd400000-0xfd5fffff]
[    1.284812] pci 0000:00:03.3:   bridge window [mem 0x382000000000-0x3827ffffffff 64bit pref]
[    1.288256] acpiphp: Slot [0-13] registered
[    1.289784] pci 0000:00:03.4: PCI bridge to [bus 0e]
[    1.291816] pci 0000:00:03.4:   bridge window [mem 0xfd200000-0xfd3fffff]
[    1.293813] pci 0000:00:03.4:   bridge window [mem 0x381800000000-0x381fffffffff 64bit pref]
[    1.297192] acpiphp: Slot [0-14] registered
[    1.298824] pci 0000:00:03.5: PCI bridge to [bus 0f]
[    1.299831] pci 0000:00:03.5:   bridge window [mem 0xfd000000-0xfd1fffff]
[    1.300814] pci 0000:00:03.5:   bridge window [mem 0x381000000000-0x3817ffffffff 64bit pref]
[    1.304242] acpiphp: Slot [0-15] registered
[    1.305782] pci 0000:00:03.6: PCI bridge to [bus 10]
[    1.306813] pci 0000:00:03.6:   bridge window [mem 0xfce00000-0xfcffffff]
[    1.307814] pci 0000:00:03.6:   bridge window [mem 0x380800000000-0x380fffffffff 64bit pref]
[    1.311262] acpiphp: Slot [0-16] registered
[    1.312784] pci 0000:00:03.7: PCI bridge to [bus 11]
[    1.313813] pci 0000:00:03.7:   bridge window [mem 0xfcc00000-0xfcdfffff]
[    1.314820] pci 0000:00:03.7:   bridge window [mem 0x380000000000-0x3807ffffffff 64bit pref]
[    1.335672] ACPI: PCI: Interrupt link LNKA configured for IRQ 10
[    1.336975] ACPI: PCI: Interrupt link LNKB configured for IRQ 10
[    1.337921] ACPI: PCI: Interrupt link LNKC configured for IRQ 11
[    1.338918] ACPI: PCI: Interrupt link LNKD configured for IRQ 11
[    1.339969] ACPI: PCI: Interrupt link LNKE configured for IRQ 10
[    1.341923] ACPI: PCI: Interrupt link LNKF configured for IRQ 10
[    1.342947] ACPI: PCI: Interrupt link LNKG configured for IRQ 11
[    1.343974] ACPI: PCI: Interrupt link LNKH configured for IRQ 11
[    1.345846] ACPI: PCI: Interrupt link GSIA configured for IRQ 16
[    1.346800] ACPI: PCI: Interrupt link GSIB configured for IRQ 17
[    1.347762] ACPI: PCI: Interrupt link GSIC configured for IRQ 18
[    1.348765] ACPI: PCI: Interrupt link GSID configured for IRQ 19
[    1.349759] ACPI: PCI: Interrupt link GSIE configured for IRQ 20
[    1.350758] ACPI: PCI: Interrupt link GSIF configured for IRQ 21
[    1.351773] ACPI: PCI: Interrupt link GSIG configured for IRQ 22
[    1.352762] ACPI: PCI: Interrupt link GSIH configured for IRQ 23
[    1.354790] iommu: Default domain type: Translated 
[    1.355740] iommu: DMA domain TLB invalidation policy: lazy mode 
[    1.356934] pps_core: LinuxPPS API ver. 1 registered
[    1.357737] pps_core: Software ver. 5.3.6 - Copyright 2005-2007 Rodolfo Giometti <giometti@linux.it>
[    1.359748] PTP clock support registered
[    1.361426] PCI: Using ACPI for IRQ routing
[    1.519372] pci 0000:00:01.0: vgaarb: setting as boot VGA device
[    1.519729] pci 0000:00:01.0: vgaarb: bridge control possible
[    1.519729] pci 0000:00:01.0: vgaarb: VGA device added: decodes=io+mem,owns=io+mem,locks=none
[    1.519749] vgaarb: loaded
[    1.521104] clocksource: Switched to clocksource kvm-clock
[    1.544933] VFS: Disk quotas dquot_6.6.0
[    1.547301] VFS: Dquot-cache hash table entries: 512 (order 0, 4096 bytes)
[    1.551020] pnp: PnP ACPI init
[    1.553357] system 00:04: [mem 0xb0000000-0xbfffffff window] has been reserved
[    1.557727] pnp: PnP ACPI: found 5 devices
[    1.569983] clocksource: acpi_pm: mask: 0xffffff max_cycles: 0xffffff, max_idle_ns: 2085701024 ns
[    1.574859] NET: Registered PF_INET protocol family
[    1.578603] IP idents hash table entries: 65536 (order: 7, 524288 bytes, linear)
[    1.586116] tcp_listen_portaddr_hash hash table entries: 2048 (order: 3, 32768 bytes, linear)
[    1.590687] Table-perturb hash table entries: 65536 (order: 6, 262144 bytes, linear)
[    1.595210] TCP established hash table entries: 32768 (order: 6, 262144 bytes, linear)
[    1.599500] TCP bind hash table entries: 32768 (order: 8, 1048576 bytes, linear)
[    1.603731] TCP: Hash tables configured (established 32768 bind 32768)
[    1.608273] UDP hash table entries: 2048 (order: 4, 65536 bytes, linear)
[    1.611912] UDP-Lite hash table entries: 2048 (order: 4, 65536 bytes, linear)
[    1.615778] NET: Registered PF_UNIX/PF_LOCAL protocol family
[    1.618827] NET: Registered PF_XDP protocol family
[    1.621430] pci 0000:00:02.1: bridge window [io  0x1000-0x0fff] to [bus 03] add_size 1000
[    1.625762] pci 0000:00:02.2: bridge window [io  0x1000-0x0fff] to [bus 04] add_size 1000
[    1.630033] pci 0000:00:02.3: bridge window [io  0x1000-0x0fff] to [bus 05] add_size 1000
[    1.634326] pci 0000:00:02.4: bridge window [io  0x1000-0x0fff] to [bus 06] add_size 1000
[    1.638613] pci 0000:00:02.5: bridge window [io  0x1000-0x0fff] to [bus 07] add_size 1000
[    1.642875] pci 0000:00:02.6: bridge window [io  0x1000-0x0fff] to [bus 08] add_size 1000
[    1.647122] pci 0000:00:02.7: bridge window [io  0x1000-0x0fff] to [bus 09] add_size 1000
[    1.651402] pci 0000:00:03.0: bridge window [io  0x1000-0x0fff] to [bus 0a] add_size 1000
[    1.655697] pci 0000:00:03.1: bridge window [io  0x1000-0x0fff] to [bus 0b] add_size 1000
[    1.659983] pci 0000:00:03.2: bridge window [io  0x1000-0x0fff] to [bus 0c] add_size 1000
[    1.664254] pci 0000:00:03.3: bridge window [io  0x1000-0x0fff] to [bus 0d] add_size 1000
[    1.668559] pci 0000:00:03.4: bridge window [io  0x1000-0x0fff] to [bus 0e] add_size 1000
[    1.672911] pci 0000:00:03.5: bridge window [io  0x1000-0x0fff] to [bus 0f] add_size 1000
[    1.677344] pci 0000:00:03.6: bridge window [io  0x1000-0x0fff] to [bus 10] add_size 1000
[    1.681682] pci 0000:00:03.7: bridge window [io  0x1000-0x0fff] to [bus 11] add_size 1000
[    1.686016] pci 0000:00:02.1: BAR 13: assigned [io  0x1000-0x1fff]
[    1.689272] pci 0000:00:02.2: BAR 13: assigned [io  0x2000-0x2fff]
[    1.692534] pci 0000:00:02.3: BAR 13: assigned [io  0x3000-0x3fff]
[    1.695767] pci 0000:00:02.4: BAR 13: assigned [io  0x4000-0x4fff]
[    1.699014] pci 0000:00:02.5: BAR 13: assigned [io  0x5000-0x5fff]
[    1.702263] pci 0000:00:02.6: BAR 13: assigned [io  0x6000-0x6fff]
[    1.705525] pci 0000:00:02.7: BAR 13: assigned [io  0x7000-0x7fff]
[    1.708755] pci 0000:00:03.0: BAR 13: assigned [io  0x8000-0x8fff]
[    1.712032] pci 0000:00:03.1: BAR 13: assigned [io  0x9000-0x9fff]
[    1.715312] pci 0000:00:03.2: BAR 13: assigned [io  0xa000-0xafff]
[    1.718992] pci 0000:00:03.3: BAR 13: assigned [io  0xb000-0xbfff]
[    1.722260] pci 0000:00:03.4: BAR 13: assigned [io  0xe000-0xefff]
[    1.725531] pci 0000:00:03.5: BAR 13: assigned [io  0xf000-0xffff]
[    1.728789] pci 0000:00:03.6: BAR 13: no space for [io  size 0x1000]
[    1.732094] pci 0000:00:03.6: BAR 13: failed to assign [io  size 0x1000]
[    1.735653] pci 0000:00:03.7: BAR 13: no space for [io  size 0x1000]
[    1.739044] pci 0000:00:03.7: BAR 13: failed to assign [io  size 0x1000]
[    1.742633] pci 0000:00:03.7: BAR 13: assigned [io  0x1000-0x1fff]
[    1.745943] pci 0000:00:03.6: BAR 13: assigned [io  0x2000-0x2fff]
[    1.773068] pci 0000:00:03.5: BAR 13: assigned [io  0x3000-0x3fff]
[    1.776301] pci 0000:00:03.4: BAR 13: assigned [io  0x4000-0x4fff]
[    1.779542] pci 0000:00:03.3: BAR 13: assigned [io  0x5000-0x5fff]
[    1.782758] pci 0000:00:03.2: BAR 13: assigned [io  0x6000-0x6fff]
[    1.785974] pci 0000:00:03.1: BAR 13: assigned [io  0x7000-0x7fff]
[    1.789183] pci 0000:00:03.0: BAR 13: assigned [io  0x8000-0x8fff]
[    1.792414] pci 0000:00:02.7: BAR 13: assigned [io  0x9000-0x9fff]
[    1.795642] pci 0000:00:02.6: BAR 13: assigned [io  0xa000-0xafff]
[    1.798827] pci 0000:00:02.5: BAR 13: assigned [io  0xb000-0xbfff]
[    1.802034] pci 0000:00:02.4: BAR 13: assigned [io  0xe000-0xefff]
[    1.805271] pci 0000:00:02.3: BAR 13: assigned [io  0xf000-0xffff]
[    1.808517] pci 0000:00:02.2: BAR 13: no space for [io  size 0x1000]
[    1.811818] pci 0000:00:02.2: BAR 13: failed to assign [io  size 0x1000]
[    1.815268] pci 0000:00:02.1: BAR 13: no space for [io  size 0x1000]
[    1.818583] pci 0000:00:02.1: BAR 13: failed to assign [io  size 0x1000]
[    1.822029] pci 0000:01:00.0: PCI bridge to [bus 02]
[    1.824761] pci 0000:01:00.0:   bridge window [io  0xc000-0xcfff]
[    1.833822] pci 0000:01:00.0:   bridge window [mem 0xfc800000-0xfc9fffff]
[    1.841020] pci 0000:01:00.0:   bridge window [mem 0x387800000000-0x387fffffffff 64bit pref]
[    1.853306] pci 0000:00:02.0: PCI bridge to [bus 01-02]
[    1.856121] pci 0000:00:02.0:   bridge window [io  0xc000-0xcfff]
[    1.864895] pci 0000:00:02.0:   bridge window [mem 0xfc800000-0xfcbfffff]
[    1.872142] pci 0000:00:02.0:   bridge window [mem 0x387800000000-0x387fffffffff 64bit pref]
[    1.882483] pci 0000:00:02.1: PCI bridge to [bus 03]
[    1.888168] pci 0000:00:02.1:   bridge window [mem 0xfe800000-0xfe9fffff]
[    1.895308] pci 0000:00:02.1:   bridge window [mem 0x387000000000-0x3877ffffffff 64bit pref]
[    1.905679] pci 0000:00:02.2: PCI bridge to [bus 04]
[    1.911030] pci 0000:00:02.2:   bridge window [mem 0xfe600000-0xfe7fffff]
[    1.916328] pci 0000:00:02.2:   bridge window [mem 0x386800000000-0x386fffffffff 64bit pref]
[    1.926262] pci 0000:00:02.3: PCI bridge to [bus 05]
[    1.928992] pci 0000:00:02.3:   bridge window [io  0xf000-0xffff]
[    1.934868] pci 0000:00:02.3:   bridge window [mem 0xfe400000-0xfe5fffff]
[    1.940024] pci 0000:00:02.3:   bridge window [mem 0x386000000000-0x3867ffffffff 64bit pref]
[    1.949426] pci 0000:00:02.4: PCI bridge to [bus 06]
[    1.952143] pci 0000:00:02.4:   bridge window [io  0xe000-0xefff]
[    1.957788] pci 0000:00:02.4:   bridge window [mem 0xfe200000-0xfe3fffff]
[    1.963150] pci 0000:00:02.4:   bridge window [mem 0x385800000000-0x385fffffffff 64bit pref]
[    1.973506] pci 0000:00:02.5: PCI bridge to [bus 07]
[    1.976179] pci 0000:00:02.5:   bridge window [io  0xb000-0xbfff]
[    1.981696] pci 0000:00:02.5:   bridge window [mem 0xfe000000-0xfe1fffff]
[    1.986808] pci 0000:00:02.5:   bridge window [mem 0x385000000000-0x3857ffffffff 64bit pref]
[    1.996498] pci 0000:00:02.6: PCI bridge to [bus 08]
[    1.999179] pci 0000:00:02.6:   bridge window [io  0xa000-0xafff]
[    2.004762] pci 0000:00:02.6:   bridge window [mem 0xfde00000-0xfdffffff]
[    2.012024] pci 0000:00:02.6:   bridge window [mem 0x384800000000-0x384fffffffff 64bit pref]
[    2.019624] pci 0000:00:02.7: PCI bridge to [bus 09]
[    2.022342] pci 0000:00:02.7:   bridge window [io  0x9000-0x9fff]
[    2.027879] pci 0000:00:02.7:   bridge window [mem 0xfdc00000-0xfddfffff]
[    2.035251] pci 0000:00:02.7:   bridge window [mem 0x384000000000-0x3847ffffffff 64bit pref]
[    2.042813] pci 0000:00:03.0: PCI bridge to [bus 0a]
[    2.045560] pci 0000:00:03.0:   bridge window [io  0x8000-0x8fff]
[    2.051012] pci 0000:00:03.0:   bridge window [mem 0xfda00000-0xfdbfffff]
[    2.058380] pci 0000:00:03.0:   bridge window [mem 0x383800000000-0x383fffffffff 64bit pref]
[    2.065869] pci 0000:00:03.1: PCI bridge to [bus 0b]
[    2.068642] pci 0000:00:03.1:   bridge window [io  0x7000-0x7fff]
[    2.074113] pci 0000:00:03.1:   bridge window [mem 0xfd800000-0xfd9fffff]
[    2.081551] pci 0000:00:03.1:   bridge window [mem 0x383000000000-0x3837ffffffff 64bit pref]
[    2.089021] pci 0000:00:03.2: PCI bridge to [bus 0c]
[    2.091776] pci 0000:00:03.2:   bridge window [io  0x6000-0x6fff]
[    2.097824] pci 0000:00:03.2:   bridge window [mem 0xfd600000-0xfd7fffff]
[    2.105114] pci 0000:00:03.2:   bridge window [mem 0x382800000000-0x382fffffffff 64bit pref]
[    2.112587] pci 0000:00:03.3: PCI bridge to [bus 0d]
[    2.115308] pci 0000:00:03.3:   bridge window [io  0x5000-0x5fff]
[    2.122814] pci 0000:00:03.3:   bridge window [mem 0xfd400000-0xfd5fffff]
[    2.127981] pci 0000:00:03.3:   bridge window [mem 0x382000000000-0x3827ffffffff 64bit pref]
[    2.135479] pci 0000:00:03.4: PCI bridge to [bus 0e]
[    2.138175] pci 0000:00:03.4:   bridge window [io  0x4000-0x4fff]
[    2.145872] pci 0000:00:03.4:   bridge window [mem 0xfd200000-0xfd3fffff]
[    2.150974] pci 0000:00:03.4:   bridge window [mem 0x381800000000-0x381fffffffff 64bit pref]
[    2.158517] pci 0000:00:03.5: PCI bridge to [bus 0f]
[    2.161189] pci 0000:00:03.5:   bridge window [io  0x3000-0x3fff]
[    2.169047] pci 0000:00:03.5:   bridge window [mem 0xfd000000-0xfd1fffff]
[    2.174130] pci 0000:00:03.5:   bridge window [mem 0x381000000000-0x3817ffffffff 64bit pref]
[    2.181622] pci 0000:00:03.6: PCI bridge to [bus 10]
[    2.184353] pci 0000:00:03.6:   bridge window [io  0x2000-0x2fff]
[    2.192208] pci 0000:00:03.6:   bridge window [mem 0xfce00000-0xfcffffff]
[    2.197322] pci 0000:00:03.6:   bridge window [mem 0x380800000000-0x380fffffffff 64bit pref]
[    2.204824] pci 0000:00:03.7: PCI bridge to [bus 11]
[    2.207561] pci 0000:00:03.7:   bridge window [io  0x1000-0x1fff]
[    2.215544] pci 0000:00:03.7:   bridge window [mem 0xfcc00000-0xfcdfffff]
[    2.221076] pci 0000:00:03.7:   bridge window [mem 0x380000000000-0x3807ffffffff 64bit pref]
[    2.228602] pci_bus 0000:00: resource 4 [io  0x0000-0x0cf7 window]
[    2.233957] pci_bus 0000:00: resource 5 [io  0x0d00-0xffff window]
[    2.237202] pci_bus 0000:00: resource 6 [mem 0x000a0000-0x000bffff window]
[    2.240746] pci_bus 0000:00: resource 7 [mem 0x80000000-0xafffffff window]
[    2.244301] pci_bus 0000:00: resource 8 [mem 0xc0000000-0xfebfffff window]
[    2.247847] pci_bus 0000:00: resource 9 [mem 0x380000000000-0x388000003fff window]
[    2.251866] pci_bus 0000:01: resource 0 [io  0xc000-0xcfff]
[    2.254824] pci_bus 0000:01: resource 1 [mem 0xfc800000-0xfcbfffff]
[    2.258083] pci_bus 0000:01: resource 2 [mem 0x387800000000-0x387fffffffff 64bit pref]
[    2.262256] pci_bus 0000:02: resource 0 [io  0xc000-0xcfff]
[    2.265184] pci_bus 0000:02: resource 1 [mem 0xfc800000-0xfc9fffff]
[    2.268478] pci_bus 0000:02: resource 2 [mem 0x387800000000-0x387fffffffff 64bit pref]
[    2.272720] pci_bus 0000:03: resource 1 [mem 0xfe800000-0xfe9fffff]
[    2.275956] pci_bus 0000:03: resource 2 [mem 0x387000000000-0x3877ffffffff 64bit pref]
[    2.280102] pci_bus 0000:04: resource 1 [mem 0xfe600000-0xfe7fffff]
[    2.284427] pci_bus 0000:04: resource 2 [mem 0x386800000000-0x386fffffffff 64bit pref]
[    2.288643] pci_bus 0000:05: resource 0 [io  0xf000-0xffff]
[    2.291606] pci_bus 0000:05: resource 1 [mem 0xfe400000-0xfe5fffff]
[    2.294902] pci_bus 0000:05: resource 2 [mem 0x386000000000-0x3867ffffffff 64bit pref]
[    2.300596] pci_bus 0000:06: resource 0 [io  0xe000-0xefff]
[    2.303567] pci_bus 0000:06: resource 1 [mem 0xfe200000-0xfe3fffff]
[    2.306839] pci_bus 0000:06: resource 2 [mem 0x385800000000-0x385fffffffff 64bit pref]
[    2.311027] pci_bus 0000:07: resource 0 [io  0xb000-0xbfff]
[    2.313983] pci_bus 0000:07: resource 1 [mem 0xfe000000-0xfe1fffff]
[    2.317221] pci_bus 0000:07: resource 2 [mem 0x385000000000-0x3857ffffffff 64bit pref]
[    2.321434] pci_bus 0000:08: resource 0 [io  0xa000-0xafff]
[    2.324368] pci_bus 0000:08: resource 1 [mem 0xfde00000-0xfdffffff]
[    2.327640] pci_bus 0000:08: resource 2 [mem 0x384800000000-0x384fffffffff 64bit pref]
[    2.331796] pci_bus 0000:09: resource 0 [io  0x9000-0x9fff]
[    2.334748] pci_bus 0000:09: resource 1 [mem 0xfdc00000-0xfddfffff]
[    2.337990] pci_bus 0000:09: resource 2 [mem 0x384000000000-0x3847ffffffff 64bit pref]
[    2.342153] pci_bus 0000:0a: resource 0 [io  0x8000-0x8fff]
[    2.345556] pci_bus 0000:0a: resource 1 [mem 0xfda00000-0xfdbfffff]
[    2.348810] pci_bus 0000:0a: resource 2 [mem 0x383800000000-0x383fffffffff 64bit pref]
[    2.352971] pci_bus 0000:0b: resource 0 [io  0x7000-0x7fff]
[    2.355932] pci_bus 0000:0b: resource 1 [mem 0xfd800000-0xfd9fffff]
[    2.359183] pci_bus 0000:0b: resource 2 [mem 0x383000000000-0x3837ffffffff 64bit pref]
[    2.363363] pci_bus 0000:0c: resource 0 [io  0x6000-0x6fff]
[    2.366284] pci_bus 0000:0c: resource 1 [mem 0xfd600000-0xfd7fffff]
[    2.369558] pci_bus 0000:0c: resource 2 [mem 0x382800000000-0x382fffffffff 64bit pref]
[    2.373725] pci_bus 0000:0d: resource 0 [io  0x5000-0x5fff]
[    2.376645] pci_bus 0000:0d: resource 1 [mem 0xfd400000-0xfd5fffff]
[    2.379894] pci_bus 0000:0d: resource 2 [mem 0x382000000000-0x3827ffffffff 64bit pref]
[    2.384060] pci_bus 0000:0e: resource 0 [io  0x4000-0x4fff]
[    2.387006] pci_bus 0000:0e: resource 1 [mem 0xfd200000-0xfd3fffff]
[    2.390268] pci_bus 0000:0e: resource 2 [mem 0x381800000000-0x381fffffffff 64bit pref]
[    2.394404] pci_bus 0000:0f: resource 0 [io  0x3000-0x3fff]
[    2.397330] pci_bus 0000:0f: resource 1 [mem 0xfd000000-0xfd1fffff]
[    2.400593] pci_bus 0000:0f: resource 2 [mem 0x381000000000-0x3817ffffffff 64bit pref]
[    2.404747] pci_bus 0000:10: resource 0 [io  0x2000-0x2fff]
[    2.407719] pci_bus 0000:10: resource 1 [mem 0xfce00000-0xfcffffff]
[    2.410995] pci_bus 0000:10: resource 2 [mem 0x380800000000-0x380fffffffff 64bit pref]
[    2.415162] pci_bus 0000:11: resource 0 [io  0x1000-0x1fff]
[    2.418108] pci_bus 0000:11: resource 1 [mem 0xfcc00000-0xfcdfffff]
[    2.421357] pci_bus 0000:11: resource 2 [mem 0x380000000000-0x3807ffffffff 64bit pref]
[    2.426888] ACPI: \_SB_.GSIG: Enabled at IRQ 22
[    2.439869] pci 0000:02:01.0: quirk_usb_early_handoff+0x0/0x730 took 13341 usecs
[    2.444053] PCI: CLS 0 bytes, default 64
[    2.446407] PCI-DMA: Using software bounce buffering for IO (SWIOTLB)
[    2.449774] software IO TLB: mapped [mem 0x000000007bfdb000-0x000000007ffdb000] (64MB)
[    2.454333] RAPL PMU: API unit is 2^-32 Joules, 0 fixed counters, 10737418240 ms ovfl timer
[    2.484334] clocksource: tsc: mask: 0xffffffffffffffff max_cycles: 0x39974ca453d, max_idle_ns: 881590565764 ns
[    2.490104] Initialise system trusted keyrings
[    2.492731] workingset: timestamp_bits=39 max_order=20 bucket_order=0
[    2.500816] Key type asymmetric registered
[    2.503218] Asymmetric key parser 'x509' registered
[    2.888501] alg: self-tests for CTR-KDF (hmac(sha256)) passed
[    2.891642] Block layer SCSI generic (bsg) driver version 0.4 loaded (major 249)
[    2.896018] io scheduler mq-deadline registered
[    2.898594] io scheduler kyber registered
[    2.900942] io scheduler bfq registered
[    2.907089] pcieport 0000:00:02.0: PME: Signaling with IRQ 24
[    2.910822] pcieport 0000:00:02.0: AER: enabled with IRQ 24
[    2.920743] pcieport 0000:00:02.1: PME: Signaling with IRQ 25
[    2.924696] pcieport 0000:00:02.1: AER: enabled with IRQ 25
[    2.935612] pcieport 0000:00:02.2: PME: Signaling with IRQ 26
[    2.939321] pcieport 0000:00:02.2: AER: enabled with IRQ 26
[    2.949392] pcieport 0000:00:02.3: PME: Signaling with IRQ 27
[    2.953031] pcieport 0000:00:02.3: AER: enabled with IRQ 27
[    2.962559] pcieport 0000:00:02.4: PME: Signaling with IRQ 28
[    2.966147] pcieport 0000:00:02.4: AER: enabled with IRQ 28
[    2.974785] pcieport 0000:00:02.5: PME: Signaling with IRQ 29
[    2.978570] pcieport 0000:00:02.5: AER: enabled with IRQ 29
[    2.990512] pcieport 0000:00:02.6: PME: Signaling with IRQ 30
[    2.994210] pcieport 0000:00:02.6: AER: enabled with IRQ 30
[    3.001946] pcieport 0000:00:02.7: PME: Signaling with IRQ 31
[    3.005812] pcieport 0000:00:02.7: AER: enabled with IRQ 31
[    3.010373] ACPI: \_SB_.GSIH: Enabled at IRQ 23
[    3.016409] pcieport 0000:00:03.0: PME: Signaling with IRQ 32
[    3.020082] pcieport 0000:00:03.0: AER: enabled with IRQ 32
[    3.029350] pcieport 0000:00:03.1: PME: Signaling with IRQ 33
[    3.034955] pcieport 0000:00:03.1: AER: enabled with IRQ 33
[    3.042622] pcieport 0000:00:03.2: PME: Signaling with IRQ 34
[    3.046629] pcieport 0000:00:03.2: AER: enabled with IRQ 34
[    3.054501] pcieport 0000:00:03.3: PME: Signaling with IRQ 35
[    3.058206] pcieport 0000:00:03.3: AER: enabled with IRQ 35
[    3.066020] pcieport 0000:00:03.4: PME: Signaling with IRQ 36
[    3.069791] pcieport 0000:00:03.4: AER: enabled with IRQ 36
[    3.079135] pcieport 0000:00:03.5: PME: Signaling with IRQ 37
[    3.082820] pcieport 0000:00:03.5: AER: enabled with IRQ 37
[    3.090755] pcieport 0000:00:03.6: PME: Signaling with IRQ 38
[    3.094878] pcieport 0000:00:03.6: AER: enabled with IRQ 38
[    3.103360] pcieport 0000:00:03.7: PME: Signaling with IRQ 39
[    3.108953] pcieport 0000:00:03.7: AER: enabled with IRQ 39
[    3.113489] ioatdma: Intel(R) QuickData Technology Driver 5.00
[    3.117110] ACPI: \_SB_.GSIF: Enabled at IRQ 21
[    3.147918] Serial: 8250/16550 driver, 4 ports, IRQ sharing enabled
[    3.151645] 00:00: ttyS0 at I/O 0x3f8 (irq = 4, base_baud = 115200) is a 16550A
[    3.161127] i8042: PNP: PS/2 Controller [PNP0303:KBD,PNP0f13:MOU] at 0x60,0x64 irq 1,12
[    3.167085] serio: i8042 KBD port at 0x60,0x64 irq 1
[    3.169831] serio: i8042 AUX port at 0x60,0x64 irq 12
[    3.173502] input: AT Translated Set 2 keyboard as /devices/platform/i8042/serio0/input/input0
[    3.178262] rtc_cmos 00:03: RTC can wake from S4
[    3.182202] rtc_cmos 00:03: registered as rtc0
[    3.184864] rtc_cmos 00:03: setting system clock to 2024-07-09T18:06:37 UTC (1720548397)
[    3.189302] rtc_cmos 00:03: alarms up to one day, y3k, 242 bytes nvram
[    3.192822] intel_pstate: CPU model not supported
[    3.220544] NET: Registered PF_INET6 protocol family
[    3.226044] Segment Routing with IPv6
[    3.228201] In-situ OAM (IOAM) with IPv6
[    3.230503] NET: Registered PF_PACKET protocol family
[    3.233388] Key type dns_resolver registered
[    3.236315] IPI shorthand broadcast: enabled
[    3.238860] sched_clock: Marking stable (2836493457, 402289533)->(4186470143, -947687153)
[    3.243658] registered taskstats version 1
[    3.245996] Loading compiled-in X.509 certificates
[    3.298548] Loaded X.509 cert 'Kinvolk GmbH: Module signing key for 6.1.96-flatcar: ad4c54fcfdf0a10b17828c4377e868762dc43797'
[    3.304685] Key type .fscrypt registered
[    3.306932] Key type fscrypt-provisioning registered
[    3.309694] ima: No TPM chip found, activating TPM-bypass!
[    3.313172] ima: Allocated hash algorithm: sha1
[    3.315737] ima: No architecture policies found
[    3.548087] clk: Disabling unused clocks
[    3.581315] Freeing unused kernel image (initmem) memory: 47156K
[    3.584733] Write protecting the kernel read-only data: 34816k
[    3.591035] Freeing unused kernel image (text/rodata gap) memory: 2040K
[    3.595511] Freeing unused kernel image (rodata/data gap) memory: 488K
[    3.598967] Run /init as init process
[    3.627380] systemd[1]: systemd 252 running in system mode (+PAM +AUDIT +SELINUX -APPARMOR +IMA +SMACK +SECCOMP +GCRYPT -GNUTLS +OPENSSL -ACL +BLKID +CURL +ELFUTILS -FIDO2 +IDN2 -IDN +IPTC +KMOD +LIBCRYPTSETUP +LIBFDISK +PCRE2 -PWQUALITY -P11KIT -QRENCODE -TPM2 +BZIP2 +LZ4 +XZ +ZLIB +ZSTD -BPF_FRAMEWORK -XKBCOMMON +UTMP +SYSVINIT default-hierarchy=unified)
[    3.642837] systemd[1]: Detected virtualization kvm.
[    3.645700] systemd[1]: Detected architecture x86-64.
[    3.648503] systemd[1]: Running in initrd.
[    3.653110] systemd[1]: No hostname configured, using default hostname.
[    3.656701] systemd[1]: Hostname set to <localhost>.
[    3.659614] systemd[1]: Initializing machine ID from VM UUID.
[    3.924245] systemd[1]: Queued start job for default target initrd.target.
[    3.938090] systemd[1]: Started systemd-ask-password-console.path - Dispatch Password Requests to Console Directory Watch.
[    3.945225] systemd[1]: Reached target cryptsetup.target - Local Encrypted Volumes.
[    3.950578] systemd[1]: Reached target paths.target - Path Units.
[    3.954867] systemd[1]: Reached target slices.target - Slice Units.
[    3.959230] systemd[1]: Reached target swap.target - Swaps.
[    3.963224] systemd[1]: Reached target timers.target - Timer Units.
[    3.968392] systemd[1]: Listening on iscsid.socket - Open-iSCSI iscsid Socket.
[    3.973715] systemd[1]: Listening on iscsiuio.socket - Open-iSCSI iscsiuio Socket.
[    3.979648] systemd[1]: Listening on systemd-journald-audit.socket - Journal Audit Socket.
[    3.985554] systemd[1]: Listening on systemd-journald-dev-log.socket - Journal Socket (/dev/log).
[    3.991849] systemd[1]: Listening on systemd-journald.socket - Journal Socket.
[    3.997252] systemd[1]: Listening on systemd-networkd.socket - Network Service Netlink Socket.
[    4.003381] systemd[1]: Listening on systemd-udevd-control.socket - udev Control Socket.
[    4.009365] systemd[1]: Listening on systemd-udevd-kernel.socket - udev Kernel Socket.
[    4.014733] systemd[1]: Reached target sockets.target - Socket Units.
[    4.029723] systemd[1]: Starting kmod-static-nodes.service - Create List of Static Device Nodes...
[    4.035875] systemd[1]: Finished network-cleanup.service - Network Cleanup.
[    4.042661] systemd[1]: Starting systemd-fsck-usr.service...
[    4.055812] systemd[1]: Starting systemd-journald.service - Journal Service...
[    4.063400] systemd[1]: Starting systemd-modules-load.service - Load Kernel Modules...
[    4.071121] systemd[1]: Starting systemd-vconsole-setup.service - Setup Virtual Console...
[    4.078219] systemd[1]: Finished kmod-static-nodes.service - Create List of Static Device Nodes.
[    4.094223] systemd[1]: Finished systemd-fsck-usr.service.
[    4.111644] systemd[1]: Starting systemd-tmpfiles-setup-dev.service - Create Static Device Nodes in /dev...
[    4.265840] systemd[1]: Finished systemd-tmpfiles-setup-dev.service - Create Static Device Nodes in /dev.
[    4.274470] audit: type=1130 audit(1720548398.589:2): pid=1 uid=0 auid=4294967295 ses=4294967295 subj=kernel msg='unit=systemd-tmpfiles-setup-dev comm="systemd" exe="/usr/lib/systemd/systemd" hostname=? addr=? terminal=? res=success'
[    4.275142] systemd[1]: Finished systemd-vconsole-setup.service - Setup Virtual Console.
[    4.290228] audit: type=1130 audit(1720548398.604:3): pid=1 uid=0 auid=4294967295 ses=4294967295 subj=kernel msg='unit=systemd-vconsole-setup comm="systemd" exe="/usr/lib/systemd/systemd" hostname=? addr=? terminal=? res=success'
[    4.301092] systemd[1]: Starting dracut-cmdline-ask.service - dracut ask for additional cmdline parameters...
[    4.325604] systemd[1]: Started systemd-journald.service - Journal Service.
[    4.358587] bridge: filtering via arp/ip/ip6tables is no longer available by default. Update your scripts to load br_netfilter if you need this.
[    4.366573] audit: type=1130 audit(1720548398.681:4): pid=1 uid=0 auid=4294967295 ses=4294967295 subj=kernel msg='unit=systemd-journald comm="systemd" exe="/usr/lib/systemd/systemd" hostname=? addr=? terminal=? res=success'
[    4.388009] Bridge firewalling registered
[    4.394878] audit: type=1130 audit(1720548398.706:5): pid=1 uid=0 auid=4294967295 ses=4294967295 subj=kernel msg='unit=dracut-cmdline-ask comm="systemd" exe="/usr/lib/systemd/systemd" hostname=? addr=? terminal=? res=success'
[    4.433536] audit: type=1130 audit(1720548398.746:6): pid=1 uid=0 auid=4294967295 ses=4294967295 subj=kernel msg='unit=systemd-tmpfiles-setup comm="systemd" exe="/usr/lib/systemd/systemd" hostname=? addr=? terminal=? res=success'
[    4.454137] audit: type=1334 audit(1720548398.748:7): prog-id=6 op=LOAD
[    4.485275] SCSI subsystem initialized
[    4.535243] device-mapper: core: CONFIG_IMA_DISABLE_HTABLE is disabled. Duplicate IMA measurements will not be recorded in the IMA log.
[    4.542814] device-mapper: uevent: version 1.0.3
[    4.547144] device-mapper: ioctl: 4.47.0-ioctl (2022-07-28) initialised: dm-devel@redhat.com
[    4.574828] audit: type=1130 audit(1720548398.888:8): pid=1 uid=0 auid=4294967295 ses=4294967295 subj=kernel msg='unit=systemd-modules-load comm="systemd" exe="/usr/lib/systemd/systemd" hostname=? addr=? terminal=? res=success'
[    4.610502] audit: type=1130 audit(1720548398.924:9): pid=1 uid=0 auid=4294967295 ses=4294967295 subj=kernel msg='unit=systemd-resolved comm="systemd" exe="/usr/lib/systemd/systemd" hostname=? addr=? terminal=? res=success'
[    4.628510] audit: type=1130 audit(1720548398.942:10): pid=1 uid=0 auid=4294967295 ses=4294967295 subj=kernel msg='unit=systemd-sysctl comm="systemd" exe="/usr/lib/systemd/systemd" hostname=? addr=? terminal=? res=success'
[    4.738638] Loading iSCSI transport class v2.0-870.
[    4.771919] iscsi: registered transport (tcp)
[    4.834771] iscsi: registered transport (qla4xxx)
[    4.837479] QLogic iSCSI HBA Driver
[    5.113298] raid6: avx2x4   gen() 10964 MB/s
[    5.132300] raid6: avx2x2   gen() 10961 MB/s
[    5.151299] raid6: avx2x1   gen() 10126 MB/s
[    5.153639] raid6: using algorithm avx2x4 gen() 10964 MB/s
[    5.173298] raid6: .... xor() 4172 MB/s, rmw enabled
[    5.175922] raid6: using avx2x2 recovery algorithm
[    5.184845] xor: automatically using best checksumming function   avx       
[    5.590248] Btrfs loaded, crc32c=crc32c-intel, zoned=no, fsverity=no
[    5.628655] kauditd_printk_skb: 1 callbacks suppressed
[    5.628660] audit: type=1130 audit(1720548399.941:12): pid=1 uid=0 auid=4294967295 ses=4294967295 subj=kernel msg='unit=dracut-pre-udev comm="systemd" exe="/usr/lib/systemd/systemd" hostname=? addr=? terminal=? res=success'
[    5.641435] audit: type=1334 audit(1720548399.942:13): prog-id=7 op=LOAD
[    5.644858] audit: type=1334 audit(1720548399.942:14): prog-id=8 op=LOAD
[    5.712117] audit: type=1130 audit(1720548400.020:15): pid=1 uid=0 auid=4294967295 ses=4294967295 subj=kernel msg='unit=systemd-udevd comm="systemd" exe="/usr/lib/systemd/systemd" hostname=? addr=? terminal=? res=success'
[    5.853037] audit: type=1130 audit(1720548400.166:16): pid=1 uid=0 auid=4294967295 ses=4294967295 subj=kernel msg='unit=dracut-pre-trigger comm="systemd" exe="/usr/lib/systemd/systemd" hostname=? addr=? terminal=? res=success'
[    6.112932] audit: type=1130 audit(1720548400.427:17): pid=1 uid=0 auid=4294967295 ses=4294967295 subj=kernel msg='unit=systemd-udev-trigger comm="systemd" exe="/usr/lib/systemd/systemd" hostname=? addr=? terminal=? res=success'
[    6.303971] virtio_blk virtio4: 2/0/0 default/read/poll queues
[    6.338779] virtio_blk virtio4: [vda] 83886080 512-byte logical blocks (42.9 GB/40.0 GiB)
[    6.351819] cryptd: max_cpu_qlen set to 1000
[    6.412831] GPT:Primary header thinks Alt. header is not at the end of the disk.
[    6.412836] GPT:17805311 != 83886079
[    6.412839] GPT:Alternate GPT header not at the end of the disk.
[    6.412841] GPT:17805311 != 83886079
[    6.412842] GPT: Use GNU Parted to correct GPT errors.
[    6.412859]  vda: vda1 vda2 vda3 vda4 vda6 vda7 vda9
[    6.505473] ACPI: bus type USB registered
[    6.505539] usbcore: registered new interface driver usbfs
[    6.505556] usbcore: registered new interface driver hub
[    6.505579] usbcore: registered new device driver usb
[    6.520233] AVX2 version of gcm_enc/dec engaged.
[    6.520614] AES CTR mode by8 optimization enabled
[    6.532323] BTRFS: device label OEM devid 1 transid 12 /dev/vda6 scanned by (udev-worker) (445)
[    6.537730] BTRFS: device fsid 1fca1e64-eeea-4360-9664-a9b6b3a60b6f devid 1 transid 35 /dev/vda3 scanned by (udev-worker) (453)
[    6.649597] ACPI: \_SB_.GSIA: Enabled at IRQ 16
[    6.651504] ahci 0000:00:1f.2: AHCI 0001.0000 32 slots 6 ports 1.5 Gbps 0x3f impl SATA mode
[    6.651513] ahci 0000:00:1f.2: flags: 64bit ncq only 
[    6.656500] scsi host0: ahci
[    6.659235] uhci_hcd 0000:02:01.0: UHCI Host Controller
[    6.659254] uhci_hcd 0000:02:01.0: new USB bus registered, assigned bus number 1
[    6.659316] uhci_hcd 0000:02:01.0: detected 2 ports
[    6.659659] uhci_hcd 0000:02:01.0: irq 22, io port 0x0000c000
[    6.660469] hub 1-0:1.0: USB hub found
[    6.660486] hub 1-0:1.0: 2 ports detected
[    6.666450] scsi host1: ahci
[    6.672544] scsi host2: ahci
[    6.676091] scsi host3: ahci
[    6.677237] scsi host4: ahci
[    6.680536] scsi host5: ahci
[    6.680663] ata1: SATA max UDMA/133 abar m4096@0xfea21000 port 0xfea21100 irq 53
[    6.680681] ata2: SATA max UDMA/133 abar m4096@0xfea21000 port 0xfea21180 irq 53
[    6.680696] ata3: SATA max UDMA/133 abar m4096@0xfea21000 port 0xfea21200 irq 53
[    6.680710] ata4: SATA max UDMA/133 abar m4096@0xfea21000 port 0xfea21280 irq 53
[    6.680725] ata5: SATA max UDMA/133 abar m4096@0xfea21000 port 0xfea21300 irq 53
[    6.680739] ata6: SATA max UDMA/133 abar m4096@0xfea21000 port 0xfea21380 irq 53
[    6.882347] usb 1-1: new full-speed USB device number 2 using uhci_hcd
[    6.945773]  vda: vda1 vda2 vda3 vda4 vda6 vda7 vda9
[    6.991350] ata3: SATA link down (SStatus 0 SControl 300)
[    6.994802] ata5: SATA link down (SStatus 0 SControl 300)
[    6.998423] ata6: SATA link down (SStatus 0 SControl 300)
[    7.001902] ata2: SATA link down (SStatus 0 SControl 300)
[    7.005680] ata4: SATA link down (SStatus 0 SControl 300)
[    7.010172] ata1: SATA link down (SStatus 0 SControl 300)
[    7.161729] hid: raw HID events driver (C) Jiri Kosina
[    7.213901] usbcore: registered new interface driver usbhid
[    7.217145] usbhid: USB HID core driver
[    7.247336] input: QEMU QEMU USB Tablet as /devices/pci0000:00/0000:00:02.0/0000:01:00.0/0000:02:01.0/usb1/1-1/1-1:1.0/0003:0627:0001.0001/input/input2
[    7.259090] hid-generic 0003:0627:0001.0001: input,hidraw0: USB HID v0.01 Mouse [QEMU QEMU USB Tablet] on usb-0000:02:01.0-1/input0
[    7.972688]  vda: vda1 vda2 vda3 vda4 vda6 vda7 vda9
[    8.079341] audit: type=1130 audit(1720548402.393:18): pid=1 uid=0 auid=4294967295 ses=4294967295 subj=kernel msg='unit=disk-uuid comm="systemd" exe="/usr/lib/systemd/systemd" hostname=? addr=? terminal=? res=success'
[    8.079349] audit: type=1131 audit(1720548402.393:19): pid=1 uid=0 auid=4294967295 ses=4294967295 subj=kernel msg='unit=disk-uuid comm="systemd" exe="/usr/lib/systemd/systemd" hostname=? addr=? terminal=? res=success'
[    8.133511] device-mapper: verity: sha256 using implementation "sha256-avx2"
[    8.267015] audit: type=1130 audit(1720548402.581:20): pid=1 uid=0 auid=4294967295 ses=4294967295 subj=kernel msg='unit=verity-setup comm="systemd" exe="/usr/lib/systemd/systemd" hostname=? addr=? terminal=? res=success'
[    8.296522] BTRFS info (device dm-0): first mount of filesystem 1fca1e64-eeea-4360-9664-a9b6b3a60b6f
[    8.301673] BTRFS info (device dm-0): using crc32c (crc32c-intel) checksum algorithm
[    8.306085] BTRFS warning (device dm-0): 'nologreplay' is deprecated, use 'rescue=nologreplay' instead
[    8.311215] BTRFS info (device dm-0): disabling log replay at mount time
[    8.314872] BTRFS info (device dm-0): using free space tree
[    8.376551] BTRFS info (device vda6): first mount of filesystem f7c77bfb-d479-47f3-a34e-515c95184b74
[    8.383189] BTRFS info (device vda6): using crc32c (crc32c-intel) checksum algorithm
[    8.387564] BTRFS info (device vda6): using free space tree
[    8.425323] BTRFS info (device vda6): last unmount of filesystem f7c77bfb-d479-47f3-a34e-515c95184b74
[    8.449537] audit: type=1130 audit(1720548402.762:21): pid=1 uid=0 auid=4294967295 ses=4294967295 subj=kernel msg='unit=ignition-setup comm="systemd" exe="/usr/lib/systemd/systemd" hostname=? addr=? terminal=? res=success'
[   10.648013] kauditd_printk_skb: 10 callbacks suppressed
[   10.648020] audit: type=1130 audit(1720548404.962:32): pid=1 uid=0 auid=4294967295 ses=4294967295 subj=kernel msg='unit=ignition-disks comm="systemd" exe="/usr/lib/systemd/systemd" hostname=? addr=? terminal=? res=success'
[   10.732392] audit: type=1130 audit(1720548405.046:33): pid=1 uid=0 auid=4294967295 ses=4294967295 subj=kernel msg='unit=systemd-fsck-root comm="systemd" exe="/usr/lib/systemd/systemd" hostname=? addr=? terminal=? res=success'
[   10.977235] EXT4-fs (vda9): mounted filesystem with ordered data mode. Quota mode: none.
[   11.022936] BTRFS: device label OEM devid 1 transid 13 /dev/vda6 scanned by mount (789)
[   11.034945] BTRFS info (device vda6): first mount of filesystem f7c77bfb-d479-47f3-a34e-515c95184b74
[   11.034962] BTRFS info (device vda6): using crc32c (crc32c-intel) checksum algorithm
[   11.034975] BTRFS info (device vda6): using free space tree
[   11.411586] audit: type=1130 audit(1720548405.726:34): pid=1 uid=0 auid=4294967295 ses=4294967295 subj=kernel msg='unit=flatcar-openstack-hostname comm="systemd" exe="/usr/lib/systemd/systemd" hostname=? addr=? terminal=? res=success'
[   11.422719] audit: type=1131 audit(1720548405.726:35): pid=1 uid=0 auid=4294967295 ses=4294967295 subj=kernel msg='unit=flatcar-openstack-hostname comm="systemd" exe="/usr/lib/systemd/systemd" hostname=? addr=? terminal=? res=success'
[   11.513358] audit: type=1130 audit(1720548405.826:36): pid=1 uid=0 auid=4294967295 ses=4294967295 subj=kernel msg='unit=initrd-setup-root comm="systemd" exe="/usr/lib/systemd/systemd" hostname=? addr=? terminal=? res=success'
[   11.540657] BTRFS info (device vda6): last unmount of filesystem f7c77bfb-d479-47f3-a34e-515c95184b74
[   11.590190] audit: type=1130 audit(1720548405.902:37): pid=1 uid=0 auid=4294967295 ses=4294967295 subj=kernel msg='unit=ignition-mount comm="systemd" exe="/usr/lib/systemd/systemd" hostname=? addr=? terminal=? res=success'
[   11.634409] audit: type=1130 audit(1720548405.949:38): pid=1 uid=0 auid=4294967295 ses=4294967295 subj=kernel msg='unit=sysroot-boot comm="systemd" exe="/usr/lib/systemd/systemd" hostname=? addr=? terminal=? res=success'
[   12.011227] BTRFS: device label OEM devid 1 transid 14 /dev/vda6 scanned by mount (913)
[   12.017843] BTRFS info (device vda6): first mount of filesystem f7c77bfb-d479-47f3-a34e-515c95184b74
[   12.022847] BTRFS info (device vda6): using crc32c (crc32c-intel) checksum algorithm
[   12.027197] BTRFS info (device vda6): using free space tree
[   13.382271] audit: type=1130 audit(1720548407.696:39): pid=1 uid=0 auid=4294967295 ses=4294967295 subj=kernel msg='unit=ignition-files comm="systemd" exe="/usr/lib/systemd/systemd" hostname=? addr=? terminal=? res=success'
[   13.411437] audit: type=1130 audit(1720548407.726:40): pid=1 uid=0 auid=4294967295 ses=4294967295 subj=kernel msg='unit=ignition-quench comm="systemd" exe="/usr/lib/systemd/systemd" hostname=? addr=? terminal=? res=success'
[   13.421924] audit: type=1131 audit(1720548407.726:41): pid=1 uid=0 auid=4294967295 ses=4294967295 subj=kernel msg='unit=ignition-quench comm="systemd" exe="/usr/lib/systemd/systemd" hostname=? addr=? terminal=? res=success'
[   14.006878] systemd-journald[199]: Received SIGTERM from PID 1 (systemd).
[   14.169435] SELinux:  Permission cmd in class io_uring not defined in policy.
[   14.173377] SELinux: the above unknown classes and permissions will be allowed
[   14.182381] SELinux:  policy capability network_peer_controls=1
[   14.185633] SELinux:  policy capability open_perms=1
[   14.188508] SELinux:  policy capability extended_socket_class=1
[   14.191864] SELinux:  policy capability always_check_network=0
[   14.195097] SELinux:  policy capability cgroup_seclabel=1
[   14.198139] SELinux:  policy capability nnp_nosuid_transition=1
[   14.201382] SELinux:  policy capability genfs_seclabel_symlinks=0
[   14.204681] SELinux:  policy capability ioctl_skip_cloexec=0
[   14.248553] systemd[1]: Successfully loaded SELinux policy in 105.567ms.
[   14.333757] systemd[1]: Relabelled /dev, /dev/shm, /run, /sys/fs/cgroup in 35.159ms.
[   14.341741] systemd[1]: systemd 252 running in system mode (+PAM +AUDIT +SELINUX -APPARMOR +IMA +SMACK +SECCOMP +GCRYPT -GNUTLS +OPENSSL -ACL +BLKID +CURL +ELFUTILS -FIDO2 +IDN2 -IDN +IPTC +KMOD +LIBCRYPTSETUP +LIBFDISK +PCRE2 -PWQUALITY -P11KIT -QRENCODE -TPM2 +BZIP2 +LZ4 +XZ +ZLIB +ZSTD -BPF_FRAMEWORK -XKBCOMMON +UTMP +SYSVINIT default-hierarchy=unified)
[   14.358692] systemd[1]: Detected virtualization kvm.
[   14.361611] systemd[1]: Detected architecture x86-64.
[   14.364665] systemd[1]: Detected first boot.
[   14.369940] systemd[1]: Hostname set to <runner-manager.fp1.sardina.cloud>.
[   14.374102] systemd[1]: Initializing machine ID from VM UUID.
[   15.462546] systemd[1]: Populated /etc with preset unit settings.
[   15.753426] kauditd_printk_skb: 45 callbacks suppressed
[   15.753434] audit: type=1334 audit(1720548410.068:87): prog-id=12 op=LOAD
[   15.759301] audit: type=1334 audit(1720548410.068:88): prog-id=3 op=UNLOAD
[   15.760766] systemd[1]: initrd-switch-root.service: Deactivated successfully.
[   15.762324] audit: type=1334 audit(1720548410.068:89): prog-id=13 op=LOAD
[   15.763693] systemd[1]: Stopped initrd-switch-root.service - Switch Root.
[   15.764117] audit: type=1334 audit(1720548410.068:90): prog-id=14 op=LOAD
[   15.774506] audit: type=1334 audit(1720548410.068:91): prog-id=4 op=UNLOAD
[   15.774513] audit: type=1334 audit(1720548410.068:92): prog-id=5 op=UNLOAD
[   15.774518] audit: type=1334 audit(1720548410.071:93): prog-id=15 op=LOAD
[   15.774523] audit: type=1334 audit(1720548410.071:94): prog-id=12 op=UNLOAD
[   15.774535] audit: type=1334 audit(1720548410.071:95): prog-id=16 op=LOAD
[   15.774544] audit: type=1334 audit(1720548410.071:96): prog-id=17 op=LOAD
[   15.795488] systemd[1]: systemd-journald.service: Scheduled restart job, restart counter is at 1.
[   15.800738] systemd[1]: Created slice system-addon\x2dconfig.slice - Slice /system/addon-config.
[   15.807162] systemd[1]: Created slice system-addon\x2drun.slice - Slice /system/addon-run.
[   15.813460] systemd[1]: Created slice system-getty.slice - Slice /system/getty.
[   15.819442] systemd[1]: Created slice system-modprobe.slice - Slice /system/modprobe.
[   15.825670] systemd[1]: Created slice system-serial\x2dgetty.slice - Slice /system/serial-getty.
[   15.831862] systemd[1]: Created slice system-system\x2dcloudinit.slice - Slice /system/system-cloudinit.
[   15.838741] systemd[1]: Created slice system-systemd\x2dfsck.slice - Slice /system/systemd-fsck.
[   15.845655] systemd[1]: Created slice user.slice - User and Session Slice.
[   15.850419] systemd[1]: Started systemd-ask-password-console.path - Dispatch Password Requests to Console Directory Watch.
[   15.856733] systemd[1]: Started systemd-ask-password-wall.path - Forward Password Requests to Wall Directory Watch.
[   15.863923] systemd[1]: Set up automount boot.automount - Boot partition Automount Point.
[   15.869566] systemd[1]: Set up automount proc-sys-fs-binfmt_misc.automount - Arbitrary Executable File Formats File System Automount Point.
[   15.876488] systemd[1]: Stopped target initrd-switch-root.target - Switch Root.
[   15.881190] systemd[1]: Stopped target initrd-fs.target - Initrd File Systems.
[   15.885936] systemd[1]: Stopped target initrd-root-fs.target - Initrd Root File System.
[   15.891093] systemd[1]: Reached target integritysetup.target - Local Integrity Protected Volumes.
[   15.896396] systemd[1]: Reached target remote-cryptsetup.target - Remote Encrypted Volumes.
[   15.901601] systemd[1]: Reached target remote-fs.target - Remote File Systems.
[   15.906384] systemd[1]: Reached target slices.target - Slice Units.
[   15.910391] systemd[1]: Reached target swap.target - Swaps.
[   15.914346] systemd[1]: Reached target veritysetup.target - Local Verity Protected Volumes.
[   15.922622] systemd[1]: Listening on systemd-coredump.socket - Process Core Dump Socket.
[   15.927824] systemd[1]: Listening on systemd-initctl.socket - initctl Compatibility Named Pipe.
[   15.934548] systemd[1]: Listening on systemd-networkd.socket - Network Service Netlink Socket.
[   15.941839] systemd[1]: Listening on systemd-udevd-control.socket - udev Control Socket.
[   15.947530] systemd[1]: Listening on systemd-udevd-kernel.socket - udev Kernel Socket.
[   15.956900] systemd[1]: Listening on systemd-userdbd.socket - User Database Manager Socket.
[   15.975842] systemd[1]: Mounting dev-hugepages.mount - Huge Pages File System...
[   15.989427] systemd[1]: Mounting dev-mqueue.mount - POSIX Message Queue File System...
[   16.002536] systemd[1]: Mounting media.mount - External Media Directory...
[   16.008977] systemd[1]: proc-xen.mount - /proc/xen was skipped because of an unmet condition check (ConditionVirtualization=xen).
[   16.027756] systemd[1]: Mounting sys-kernel-debug.mount - Kernel Debug File System...
[   16.040603] systemd[1]: Mounting sys-kernel-tracing.mount - Kernel Trace File System...
[   16.057594] systemd[1]: Mounting tmp.mount - Temporary Directory /tmp...
[   16.065947] systemd[1]: Starting flatcar-tmpfiles.service - Create missing system files...
[   16.072006] systemd[1]: ignition-delete-config.service - Ignition (delete config) was skipped because no trigger condition checks were met.
[   16.084744] systemd[1]: Starting kmod-static-nodes.service - Create List of Static Device Nodes...
[   16.099658] systemd[1]: Starting modprobe@configfs.service - Load Kernel Module configfs...
[   16.112651] systemd[1]: Starting modprobe@dm_mod.service - Load Kernel Module dm_mod...
[   16.127880] systemd[1]: Starting modprobe@drm.service - Load Kernel Module drm...
[   16.173544] systemd[1]: Starting modprobe@efi_pstore.service - Load Kernel Module efi_pstore...
[   16.189141] systemd[1]: Starting modprobe@fuse.service - Load Kernel Module fuse...
[   16.202960] systemd[1]: Starting modprobe@loop.service - Load Kernel Module loop...
[   16.211110] systemd[1]: setup-nsswitch.service - Create /etc/nsswitch.conf was skipped because of an unmet condition check (ConditionPathExists=!/etc/nsswitch.conf).
[   16.221513] systemd[1]: systemd-fsck-root.service: Deactivated successfully.
[   16.224971] systemd[1]: Stopped systemd-fsck-root.service - File System Check on Root Device.
[   16.234533] loop: module loaded
[   16.242186] systemd[1]: systemd-fsck-usr.service: Deactivated successfully.
[   16.245439] systemd[1]: Stopped systemd-fsck-usr.service.
[   16.249437] systemd[1]: Stopped systemd-journald.service - Journal Service.
[   16.269696] systemd[1]: Starting systemd-journald.service - Journal Service...
[   16.281489] systemd[1]: Starting systemd-modules-load.service - Load Kernel Modules...
[   16.295458] systemd[1]: Starting systemd-network-generator.service - Generate network units from Kernel command line...
[   16.301705] fuse: init (API version 7.37)
[   16.315671] systemd[1]: Starting systemd-remount-fs.service - Remount Root and Kernel File Systems...
[   16.333677] systemd[1]: Starting systemd-udev-trigger.service - Coldplug All udev Devices...
[   16.339099] systemd[1]: verity-setup.service: Deactivated successfully.
[   16.342217] systemd[1]: Stopped verity-setup.service.
[   16.351722] systemd[1]: xenserver-pv-version.service - Set fake PV driver version for XenServer was skipped because of an unmet condition check (ConditionVirtualization=xen).
[   16.368335] systemd[1]: Mounted dev-hugepages.mount - Huge Pages File System.
[   16.378732] systemd[1]: Mounted dev-mqueue.mount - POSIX Message Queue File System.
[   16.383806] systemd[1]: Mounted media.mount - External Media Directory.
[   16.390698] systemd[1]: Mounted sys-kernel-debug.mount - Kernel Debug File System.
[   16.399648] systemd[1]: Mounted sys-kernel-tracing.mount - Kernel Trace File System.
[   16.404752] systemd[1]: Mounted tmp.mount - Temporary Directory /tmp.
[   16.413212] systemd[1]: Finished kmod-static-nodes.service - Create List of Static Device Nodes.
[   16.422059] systemd[1]: modprobe@configfs.service: Deactivated successfully.
[   16.428768] systemd[1]: Finished modprobe@configfs.service - Load Kernel Module configfs.
[   16.437926] systemd[1]: modprobe@dm_mod.service: Deactivated successfully.
[   16.441544] systemd[1]: Finished modprobe@dm_mod.service - Load Kernel Module dm_mod.
[   16.450468] systemd[1]: modprobe@efi_pstore.service: Deactivated successfully.
[   16.454229] systemd[1]: Finished modprobe@efi_pstore.service - Load Kernel Module efi_pstore.
[   16.463525] systemd[1]: modprobe@fuse.service: Deactivated successfully.
[   16.466925] systemd[1]: Finished modprobe@fuse.service - Load Kernel Module fuse.
[   16.477163] systemd[1]: modprobe@loop.service: Deactivated successfully.
[   16.480603] systemd[1]: Finished modprobe@loop.service - Load Kernel Module loop.
[   16.488361] systemd[1]: Finished systemd-modules-load.service - Load Kernel Modules.
[   16.496006] systemd[1]: Finished systemd-network-generator.service - Generate network units from Kernel command line.
[   16.506475] systemd[1]: Finished systemd-remount-fs.service - Remount Root and Kernel File Systems.
[   16.512667] ACPI: bus type drm_connector registered
[   16.518755] systemd[1]: modprobe@drm.service: Deactivated successfully.
[   16.522383] systemd[1]: Finished modprobe@drm.service - Load Kernel Module drm.
[   16.532357] systemd[1]: Reached target network-pre.target - Preparation for Network.
[   16.549545] systemd[1]: Mounting sys-fs-fuse-connections.mount - FUSE Control File System...
[   16.560946] systemd[1]: Mounting sys-kernel-config.mount - Kernel Configuration File System...
[   16.566196] systemd[1]: remount-root.service - Remount Root File System was skipped because of an unmet condition check (ConditionPathIsReadWrite=!/).
[   16.583677] systemd[1]: Starting systemd-hwdb-update.service - Rebuild Hardware Database...
[   16.589592] systemd[1]: systemd-pstore.service - Platform Persistent Storage Archival was skipped because of an unmet condition check (ConditionDirectoryNotEmpty=/sys/fs/pstore).
[   16.610729] systemd[1]: Starting systemd-random-seed.service - Load/Save Random Seed...
[   16.620513] systemd[1]: systemd-repart.service - Repartition Root Disk was skipped because no trigger condition checks were met.
[   16.634671] systemd[1]: Starting systemd-sysctl.service - Apply Kernel Variables...
[   16.645908] systemd[1]: Started systemd-journald.service - Journal Service.
[   16.731619] systemd-journald[1075]: Received client request to flush runtime journal.
[   18.530188] BTRFS info: devid 1 device path /dev/mapper/usr changed to /dev/dm-0 scanned by (udev-worker) (1117)
[   18.571052] BTRFS warning: duplicate device /dev/vda3 devid 1 generation 35 scanned by (udev-worker) (1115)
[   18.655934] input: Power Button as /devices/LNXSYSTM:00/LNXPWRBN:00/input/input3
[   18.721805] ACPI: button: Power Button [PWRF]
[   18.748803] mousedev: PS/2 mouse device common for all mice
[   18.928418] i801_smbus 0000:00:1f.3: SMBus using PCI interrupt
[   18.931768] i2c i2c-0: 1/1 memory slots populated (from DMI)
[   18.934314] i2c i2c-0: Memory type 0x07 not supported yet, not instantiating SPD
[   18.940334] input: ImExPS/2 Generic Explorer Mouse as /devices/platform/i8042/serio1/input/input4
[   18.951547] [drm] pci: virtio-vga detected at 0000:00:01.0
[   18.954048] virtio-pci 0000:00:01.0: vgaarb: deactivate vga console
[   18.981778] Console: switching to colour dummy device 80x25
[   18.984547] [drm] features: -virgl +edid -resource_blob -host_visible
[   18.984553] [drm] features: -context_init
[   18.989897] [drm] number of scanouts: 1
[   18.991081] [drm] number of cap sets: 0
[   19.000439] [drm] Initialized virtio_gpu 0.1.0 0 for 0000:00:01.0 on minor 0
[   19.014278] fbcon: virtio_gpudrmfb (fb0) is primary device
[   19.014491] virtio-pci 0000:00:01.0: [drm] drm_plane_enable_fb_damage_clips() not called
[   19.014518] Console: switching to colour frame buffer device 160x50
[   19.030964] virtio-pci 0000:00:01.0: [drm] fb0: virtio_gpudrmfb frame buffer device
[   19.653508] loop0: detected capacity change from 0 to 80600
[   19.751002] squashfs: version 4.0 (2009/01/31) Phillip Lougher
[   19.784907] loop1: detected capacity change from 0 to 139360
[   19.866684] loop2: detected capacity change from 0 to 8
[   19.915643] loop3: detected capacity change from 0 to 80600
[   20.029360] loop4: detected capacity change from 0 to 139360
[   20.083393] loop5: detected capacity change from 0 to 8
[   21.006056] kauditd_printk_skb: 69 callbacks suppressed
[   21.006069] audit: type=1334 audit(1720548415.320:164): prog-id=27 op=LOAD
[   21.027081] audit: type=1334 audit(1720548415.320:165): prog-id=28 op=LOAD
[   21.034232] audit: type=1334 audit(1720548415.320:166): prog-id=21 op=UNLOAD
[   21.034241] audit: type=1334 audit(1720548415.320:167): prog-id=22 op=UNLOAD
[   21.034247] audit: type=1334 audit(1720548415.325:168): prog-id=29 op=LOAD
[   21.034262] audit: type=1334 audit(1720548415.325:169): prog-id=23 op=UNLOAD
[   21.034267] audit: type=1334 audit(1720548415.329:170): prog-id=30 op=LOAD
[   21.034272] audit: type=1334 audit(1720548415.329:171): prog-id=24 op=UNLOAD
[   21.034277] audit: type=1334 audit(1720548415.329:172): prog-id=31 op=LOAD
[   21.034281] audit: type=1334 audit(1720548415.329:173): prog-id=32 op=LOAD
[   22.300408] EXT4-fs (vda9): resizing filesystem from 1617920 to 9878523 blocks
[   22.496983] EXT4-fs (vda9): resized filesystem to 9878523
[   22.561537] BTRFS warning: duplicate device /dev/vda3 devid 1 generation 35 scanned by (udev-worker) (1317)
[   24.532456] Initializing XFRM netlink socket


This is runner-manager.fp1.sardina.cloud (Linux x86_64 6.1.96-flatcar) 18:07:06
SSH host key: SHA256:SVjLZ4N4Qc0SNgO+w+yd7qtgjtcvAzeqGA5UwGihx8U (ED25519)
SSH host key: SHA256:GIMshr8FSO4MBTqOB8Dt7aqQDHajW6tdbNnxJjNz3ac (RSA)
SSH host key: SHA256:weNN4RYgSidarhXGhSDjWu/ruaPddFcruAe0I9muuG0 (ECDSA)
eth0: 104.152.48.194 2a13:2440:a1:2000:f816:3eff:fe7c:5fc6
eth1: 10.42.0.128 fe80::f816:3eff:fe8e:c511

runner-manager login: 
